C51 COMPILER V8.08   MAIN                                                                  06/10/2008 21:06:16 PAGE 1   


C51 COMPILER V8.08, COMPILATION OF MODULE MAIN
OBJECT MODULE PLACED IN main.OBJ
COMPILER INVOKED BY: D:\Keil\C51\BIN\C51.EXE main.c LARGE OPTIMIZE(SIZE) REGFILE(.\hlj.ORC) BROWSE DEBUG OBJECTEXTEND

line level    source

   1          #include <reg51.h>
   2          
   3          sbit Y1=P1^0;                   //∞¥º¸1
   4          sbit Y2=P1^1;                   //∞¥º¸2
   5          sbit Y3=P1^2;                   //∞¥º¸3
   6          sbit Y4=P1^3;                   //∞¥º¸4
   7          
   8          
   9          
  10          sbit Speaker=P3^7;         //—Ô…˘∆˜
  11          static unsigned char bdata StateREG;
  12          sbit m=StateREG^0;
  13          unsigned char code * data Mymusic;
  14          unsigned char data l;
  15          
  16          void delay(void);         //—” ±∫Ø ˝…˘√˜
  17          
  18          unsigned char code music[30]={0xFF,0xFF,0xFB,0x90,0xFC,0x0C,0xFC,0x44,0xFC,0xAC,0xFD,0x09,0xFD,0x34,0xFD,0
             -x82,0xFD,0xC8,0xFE,0x06,0xFE,0x22,0xFA,0X15,0XFB,0x04,0xFA,0x67,0xFE,0x85};
  19          //“Ù¿÷1
  20          unsigned char code Mmusic11[97]={0x34,0x32,0x32,0x34,0x42,0x51,                 
  21                                       0x62,0x52,0x42,0x32,0x34,0x04,
  22                                                                   0x74,0x74,0x62,0x62,0x64,
  23                                                                   0x3c,0x04,
  24                                                                   0x64,0x62,0x52,0x42,0x32,0x34,
  25                                                                   0x33,0x31,0x32,0x72,0x76,0x72,
  26                                                                   0x83,0x81,0x82,0x82,0x82,0x74,0x72,
  27                                                                   0x7c,0x04,
  28                                                                   0x63,0x61,0x62,0x62,0x64,0x72,0x82,
  29                                                                   0x72,0x74,0x72,0x62,0x52,0x42,0x32,
  30                                                                   0x42,0x44,0x42,0x42,0x52,0x62,0x52,
  31                                                                   0x5c,0x04,
  32                                                                   0x64,0x62,0x62,0x64,0x72,0x82,
  33                                                                   0x72,0x74,0x72,0x62,0x52,0x42,0x32,
  34                                                                   0x42,0x46,0x53,0x41,0x42,0x32,
  35                                                                   0x3c,0x04,
  36                                                                   0x44,0x48,0x02,0x32,
  37                                                                   0x3f,
  38                                                                   0x44,0x48,0x02,0x32,
  39                                                                   0x3f,
  40                                                                   0x34,0x0c,
  41                                       0xFF};
  42          //“Ù¿÷2
  43          unsigned char code Mmusic12[46]={0x12,0x52,0x52,0x52,0x56,0x42,         
  44                                       0x32,0x42,0x32,0x22,0x18,
  45                                                                   0x82,0x82,0x82,0x82,0x86,0x72,
  46                                                                   0xB2,0x72,0x72,0x62,0x58,
  47                                                                   0x52,0x82,0x82,0x72,0x56,0x42,
  48                                                                   0x32,0x42,0x32,0x22,0x16,0xB2,
  49                                                                   0xB2,0x32,0x32,0x22,0x16,0x52,
  50                                                                   0x42,0x32,0x22,0xC2,0x88,
  51                                                                   0xFF}; 
  52          //“Ù¿÷3                                                          
  53          unsigned char code Mmusic13[131]={0x52,0x42,
  54                                       0x58,0x02,0x42,0x52,0x42,
C51 COMPILER V8.08   MAIN                                                                  06/10/2008 21:06:16 PAGE 2   

  55                                       0x38,0x04,0x12,0x32,
  56                                       0x44,0x42,0x52,0x42,0x32,0x12,0x12,
  57                                       0xC8,0x04,0x52,0x42,
  58                                       0x58,0x02,0x42,0x52,0x42,
  59                                       0x38,0x04,0x12,0x32,
  60                                       0x44,0x42,0x52,0x42,0x32,0x12,0x32,
  61                                       0x48,0x04,0x52,0x42,
  62                                       0x58,0x02,0x42,0x52,0x42,
  63                                       0x38,0x04,0x12,0x32,
  64                                       0x44,0x42,0x52,0x42,0x32,0x12,0x11,0x31,
  65                                       0xC8,0x04,0x52,0x72,
  66                                       0x78,0x02,0x72,0x82,0x72,
  67                                       0x58,0x04,0x42,0x42,
  68                                       0x44,0x42,0x52,0x42,0x32,0x12,0x12,
  69                                       0x32,0x32,0x3C,
  70                                       0x09,0x72,0x72,0x82,
  71                                       0xA2,0x92,0x92,0x82,0x52,0x42,0x42,0x42,
  72                                       0x58,0x02,0x52,0x52,0x72,
  73                                       0x84,0x84,0x02,0x12,0x52,0x42,
  74                                       0x48,0x04,0x52,0x72,
  75                                       0x72,0x52,0x74,0x02,0xA4,0x92,
  76                                       0x82,0x92,0x54,0x02,0x82,0x82,0x92,
  77                                       0x82,0x72,0x52,0x42,0x02,0xC4,0x12,
  78                                       0x3C,
  79                                                                   0xFF};
  80          //“Ù¿÷4
  81          unsigned char code Mmusic14[37]={0xC4,0x12,0x32,0x44,0x42,0x52,            
  82                                       0x52,0x44,0x32,0x32,0x12,0x14,
  83                                       0x12,0x12,0x32,0x42,0x54,0x44,
  84                                       0x4F,
  85                                       0xC4,0x12,0x32,0x44,0x42,0x72,
  86                                       0x58,0x42,0x32,0x34,
  87                                       0x14,0x12,0x32,0x34,0x32,0x12,
  88                                       0x1F,
  89                                                                   0xFF};
  90          //“Ù¿÷5
  91          unsigned char code Mmusic15[144]={0x52,0x62,                                              
  92                                       0x74,0x74,0x74,0x34,
  93                                       0x42,0x34,0x52,0x56,0x42,
  94                                       0x34,0x34,0x14,0x32,0x12,
  95                                       0x12,0xC2,0xC4,0x04,0x52,0x62,
  96                                       0x74,0x74,0x74,0x34,
  97                                       0x42,0x34,0x52,0x56,0x42,
  98                                       0x34,0x32,0x12,0x12,0x34,0x42,
  99                                       0x4C,0x52,0x42,
 100                                       0x34,0x32,0x42,0x32,0x12,0x12,0xC2,
 101                                       0xC2,0x54,0x52,0x54,0x52,0x52,
 102                                       0x42,0x32,0x32,0x12,0x32,0x42,0x32,0x52,
 103                                       0x5C,0x52,0x42,
 104                                       0x34,0x32,0x42,0x32,0x12,0x12,0xC2,
 105                                       0xC2,0x54,0x52,0x54,0x02,0x52,
 106                                       0x52,0x42,0x32,0x12,0x32,0x84,0x72,
 107                                       0x7F,
 108                                       0x0F,
 109                                       0x74,0x72,0x52,0x54,0x74,
 110                                       0x82,0x52,0x52,0x72,0x78,
 111                                       0x34,0x32,0x32,0x42,0x54,0x72,
 112                                       0x7F,
 113                                       0x86,0x82,0x72,0x52,0x54,
 114                                       0x72,0x84,0x32,0x36,0x52,
 115                                       0x42,0x52,0x42,0x32,0x34,0x12,0x32,
 116                                       0x32,0x42,0x4C,
C51 COMPILER V8.08   MAIN                                                                  06/10/2008 21:06:16 PAGE 3   

 117                                       0x86,0x82,0x72,0x52,0x54,
 118                                       0x72,0x84,0x52,0x56,0x52,
 119                                       0x42,0x52,0x72,0x82,0x52,0x34,0x12,
 120                                       0x12,0x32,0x3C,
 121                                       0xFF};     
 122          //“Ù¿÷6                                    
 123          unsigned char code Mmusic16[85]={                                                                          
 124          0x04,0x24,0x14,0xC4,
 125          0x54,0x54,0x48,
 126          0x04,0x54,0x44,0x34,
 127          0x22,0x14,0xB2,0xC8,
 128          0x04,0x12,0xC2,0x16,0x12,
 129          0x76,0x52,0x46,0x12,
 130          0x3F,
 131          0x04,0xB4,0xD4,0xC4,
 132          0x14,0x28,0xC4,
 133          0x14,0x12,0x32,0x16,0xC2,
 134          0x54,0x78,0x34,
 135          0x4C,0x42,0x52,
 136          0x86,0x72,0x76,0x52,
 137          0x74,0x28,0x42,0x52,
 138          0x46,0x12,0x26,0x12,
 139          0xCF,
 140          0x04,0x24,0x14,0xC4,
 141          0x56,0x52,0x48,
 142          0x04,0x54,0x44,0x34,
 143          0x22,0x14,0xB2,0xC8,
 144          0x04,0x34,0x14,0xC4,
 145          0x12,0x32,0x18,0x42,0x42,
 146          0x74,0x58,0x44,
 147          0x3F,
 148          0xFF};
 149          //“Ù¿÷7
 150          unsigned char code Mmusic17[138]={0xC2,0xC2,0x12,
 151                                       0x34,0x32,0x32,0x32,0x12,0x12,0x52,
 152                                       0x54,0x02,0xC2,0x12,
 153                                       0x32,0x32,0x32,0x32,0x34,0x52,0x72,
 154                                       0x7C,0x02,0x72,
 155                                       0x82,0x72,0x82,0x72,0x84,0x72,0x41,0x51,
 156                                                           0x52,0x41,0x31,0x34,0x02,0x32,0x32,0x12,
 157                                                                   0x34,0x32,0x12,0x32,0x54,0x42,
 158                                                                   0x32,0x32,0x32,0x32,0x34,0x52,0x72,
 159                                       0x7C,0x72,0x72,
 160                                       0x82,0x72,0x82,0x72,0x84,0x82,0x72,
 161                                       0x42,0x52,0x42,0x34,0x12,0x12,0x32,
 162                                       0xC4,0x52,0x42,0x34,0x12,0x12,
 163                                       0x31,0x41,0x32,0x3C,
 164                                       0x0A,0x72,0x82,0xA2,
 165                                       0x84,0x82,0x72,0x82,0x72,0x52,0x72,
 166                                       0x78,0x02,0x72,0x82,0xA2,
 167                                       0x84,0x82,0x72,0x82,0x72,0x82,0x32,
 168                                       0x38,0x02,0x32,0x42,0x52,
 169                                       0x64,0x62,0x72,0x82,0x82,0x72,0x82,
 170                                       0x82,0xA2,0x82,0x82,0x82,0xA2,0x82,0x72,
 171                                       0x78,0x72,0x32,0x82,0x72,
 172                                       0x78,0x72,0x82,0xA3,0x51,
 173                                       0x42,0x51,0x41,0x3C,
 174                                       0xFF};
 175          //“Ù¿÷8
 176          unsigned char code Mmusic18[77]={0xC2,0xC2,0x34,0x42,0x42,
 177                                       0x52,0x41,0x51,0x5C,
 178                                       0x04,0xC2,0xC2,0x34,0x42,0x42,
C51 COMPILER V8.08   MAIN                                                                  06/10/2008 21:06:16 PAGE 4   

 179                                       0x52,0x31,0x41,0x4C,
 180                                       0x04,0xC2,0xC2,0x34,0x42,0x42,
 181                                       0x52,0x41,0x51,0x58,0x32,0x52,
 182                                       0x4C,0x42,0x32,
 183                                       0x34,0x32,0x42,0x48,
 184                                       0x04,0xC2,0xC2,0x34,0x42,0x42,
 185                                       0x72,0x41,0x51,0x5C,
 186                                       0x04,0xC2,0xC2,0x32,0x32,0x42,0x42,
 187                                       0x52,0x42,0x4C,
 188                                       0x04,0xC2,0xC2,0x34,0x42,0x42,
 189                                       0x52,0x41,0x51,0x58,0x32,0x52,
 190                                       0x4C,0x42,0x32,
 191                                       0x32,0x42,0x4C,
 192                                                                   0xFF};
 193          //“Ù¿÷9
 194          unsigned char code Mmusic19[]={
 195          0X54,0XC4,0X12,0X32,0X34,
 196          0X52,0X52,0X52,0X52,0X42,0X32,0X34,
 197          0XC1,0XC2,0X52,0XC2,0X12,0X32,0X34,
 198          0X11,0X12,0X31,0X12,0XC2,
 199          0X78,0X72,0X52,0X52,0X42,
 200          0X32,0X42,0X52,0X11,0XC1,0XC4,0XC1,0XC1,0XC1,0XC1,
 201          0X12,0X32,0X32,0X12,0X42,0X42,0X44,
 202          0XC2,0X12,0X32,0X42,0X52,0X72,0X72,0X82,
 203          0X41,0X51,0X42,0X48,0X42,0X12,
 204          0X3C,0X72,0X62,
 205          0X3C,0X72,0X62,
 206          0X3C,0X72,0X62,
 207          0x21,0x31,0x41,0x51,0x61,0x71,0x81,0x91,0x61,0x71,0x81,0x91,
 208          0X3F,
 209          0X3F,
 210          0X54,0XC2,0XC2,0X42,0XC2,0XC4,
 211          0X34,0X32,0X42,0X52,0XC2,0XC4,
 212          0XD2,0XC2,0X12,0X22,0X38,
 213          0X12,0X22,0X32,0X42,0X48,
 214          0xFF};
 215          //“Ù¿÷10
 216          unsigned char code Mmusic110[]={
 217          0x32,0x31,0x41,
 218          0x52,0x52,0x42,0x31,0x41,0x44,0x31,0x41,
 219          0x52,0x52,0x42,0x32,0x34,0x71,0x11,
 220          0x74,0x71,0x71,0x11,0x31,0x34,0x32,
 221          0x32,0x32,0x32,0x31,0x41,0x44,0x32,0x41,0x51,
 222          0x52,0x52,0x72,0x81,0x41,0x44,0x52,0x41,0x31,
 223          0x32,0x32,0x42,0x51,0x71,0x74,0x71,0x71,
 224          0x12,0x31,0x31,0x31,0x52,0x42,0x32,0x32,0x41,0x31,
 225          0x34,0x52,0x51,0x71,
 226          0x72,0x71,0x71,0x72,0x71,0x81,0x84,0x52,0x42,
 227          0x32,0x32,0x32,0x41,0x51,0x54,0x51,0x71,
 228          0x72,0x72,0x72,0x81,0xA1,0xA2,0x82,0x72,0x52,
 229          0x42,0x32,0x32,0x12,0x44,0x51,0x71,
 230          0x72,0x72,0x71,0x82,0x71,0x84,0x52,0x42,
 231          0x32,0x32,0x32,0x41,0x51,0x54,0x51,0x71,
 232          0x72,0x72,0x72,0x81,0xA1,0xA2,0x82,0x72,0x51,0x41,
 233          0x42,0x42,0x44,0x32,0x51,0x61,
 234          0x72,0x42,0x44,0x52,0x41,0x31,
 235          0x34,0x52,0x41,0x31,0x34,0x52,0x42,
 236          0x52,0x32,0x52,0x81,0x71,0x74,0x51,0x71,
 237          0x82,0x81,0x71,0x72,0x81,0x71,0x74,0x51,0x41,0x31,
 238          0x42,0x41,0x51,0x42,0x31,0x41,0x44,0x52,0x41,0x31,
 239          0x34,0x52,0x41,0x31,0x34,0x52,0x42,
 240          0x52,0x32,0x52,0x81,0x71,0x74,0x51,0x41,
C51 COMPILER V8.08   MAIN                                                                  06/10/2008 21:06:16 PAGE 5   

 241          0x82,0x82,0xA2,0x71,0x81,0x72,0x71,0x51,0x41,0x31,
 242          0x44,0x41,0x31,0x41,0x51,0x44,0x52,0x52,
 243          0x42,0x31,0x34,0x52,0x41,0x31,
 244          0x42,0x31,0x34,
 245          0xFF};
 246          //“Ù¿÷11                                                    
 247          unsigned char code Mmusic111[]={
 248          0XC2,0XB2,
 249          0X36,0X52,0X42,0X32,0X11,0XC1,0XB2,
 250          0XC6,0X12,0XC4,0X12,0XC2,
 251          0X76,0XA2,0X82,0X72,0X51,0X41,0X32,
 252          0X4C,0X42,0X32,
 253          0X74,0X82,0X74,0X82,0X72,
 254          0X52,0X41,0X38,0X32,0X42,
 255          0X16,0XC2,0X72,0X52,0X42,0X42,
 256          0X3C,0XC2,0XB2,
 257          0X36,0X52,0X42,0X32,0X11,0XC1,0XB2,
 258          0XC6,0X12,0XC4,0X12,0XC2,
 259          0X76,0XA2,0X82,0X72,0X51,0X41,0X32,
 260          0X4C,0X42,0X32,
 261          0X76,0X82,0X74,0X82,0X72,
 262          0X53,0X41,0X38,0X32,0X42,
 263          0X16,0XC2,0X72,0X52,0X41,0X51,0X12,
 264          0XCC,0XC2,0XB2,
 265          0X16,0XC2,0X72,0X52,0X42,0X42,
 266          0X3C,0X32,0X32,
 267          0X26,0X22,0X24,0X42,0X32,
 268          0x22,0x12,0x18,0x02,0x52,
 269          0X46,0X12,0X44,0X72,0X82,
 270          0X5C,0X52,0X52,
 271          0X46,0X42,0X74,0X42,0X32,
 272          0X36,0X42,0X58,
 273          0X82,0X72,0X62,0X52,0X46,0X32,
 274          0X3C,0X12,0XB2,
 275          0X36,0X52,0X42,0X32,0X11,0XC1,0XB2,
 276          0XC6,0X12,0XC4,0X12,0XC2,
 277          0X76,0XA2,0X82,0X72,0X51,0X41,0X32,
 278          0X48,0X02,0X42,0X52,0X62,
 279          0X76,0X82,0X74,0X82,0X72,
 280          0X56,0X41,0X38,0X32,0X22,
 281          0X16,0XC2,0X72,0X52,0X42,0X42,
 282          0X3C,0X04,0X04,0X04,0X04,
 283          0xFF};
 284          //“Ù¿÷12
 285          unsigned char code Mmusic112[]={
 286          0x34,0x32,0x34,0x34,0x24,0x34,0x32,0x32,0x24,0x38,0x44,0x58,0x48,
 287          0x34,0x32,0x34,0x34,0x24,0x38,0x34,0x7F,0x34,0x32,0x34,0x32,
 288          0x24,0x38,0x34,0x24,0x38,0x44,0x58,0x48,0x34,0x32,0x34,0x34,
 289          0x24,0x38,0x34,0x7F,0x16,0x4C,0x74,
 290          0x78,0x64,0x54,0x48,0x54,0x64,0x58,0x44,0x34,0x24,0x38,0x24,
 291          0x14,0x12,0x21,0x11,0x78,0x68,0x3F,0x4C,0x74,
 292          0x78,0x64,0x52,0x42,0x48,0x54,0x64,0x58,0x44,0x34,0x24,0x38,0x24,
 293          0x24,0x38,0x44,0x58,0x48,0x3C,
 294          0xFF};
 295          
 296          //÷˜≥Ã–Ú
 297          void main()
 298          {
 299   1              unsigned int data j;
 300   1              unsigned char data i;
 301   1              unsigned char data k;
 302   1              unsigned char data p11;
C51 COMPILER V8.08   MAIN                                                                  06/10/2008 21:06:16 PAGE 6   

 303   1              unsigned char data p33;
 304   1          TMOD=0x01;                                                  //≥ı ºªØ
 305   1          IE=0x82;
 306   1              while(1)
 307   1              {
 308   2              j=0;
 309   2              m=0;
 310   2              while(m==0)
 311   2              {if(Y1==1 & Y2==0 & Y3==0 & Y4==0)              //≤•∑≈“Ù¿÷1
 312   3              {
 313   4                 Mymusic=Mmusic11;
 314   4                 m=1;
 315   4              }
 316   3              if(Y1==0 & Y2==1 & Y3==0 & Y4==0)               //≤•∑≈“Ù¿÷2
 317   3              {
 318   4                 Mymusic=Mmusic12;
 319   4                 m=1;
 320   4              }
 321   3              if(Y1==1 & Y2==1 & Y3==0 & Y4==0)          //≤•∑≈“Ù¿÷3
 322   3              {
 323   4                 Mymusic=Mmusic13;
 324   4                 m=1;
 325   4              }
 326   3              if(Y1==0 & Y2==0 & Y3==1 & Y4==0)         //≤•∑≈“Ù¿÷4
 327   3              {
 328   4                 Mymusic=Mmusic14;
 329   4                 m=1;
 330   4              }
 331   3              if(Y1==1 & Y2==0 & Y3==1 & Y4==0)        //≤•∑≈“Ù¿÷5
 332   3              {
 333   4                 Mymusic=Mmusic15;
 334   4                 m=1;
 335   4              }
 336   3              if(Y1==0 & Y2==1 & Y3==1 & Y4==0)       //≤•∑≈“Ù¿÷6
 337   3              {
 338   4                 Mymusic=Mmusic16;
 339   4                 m=1;
 340   4              }
 341   3              if(Y1==1 & Y2==1 & Y3==1 & Y4==0)         //≤•∑≈“Ù¿÷7
 342   3              {
 343   4                 Mymusic=Mmusic17;
 344   4                 m=1;
 345   4              }
 346   3              if(Y1==0 & Y2==0 & Y3==0 & Y4==1)         //≤•∑≈“Ù¿÷8
 347   3              {
 348   4                 Mymusic=Mmusic18;
 349   4                 m=1;
 350   4              }
 351   3              if(Y1==1 & Y2==0 & Y3==0 & Y4==1)         //≤•∑≈“Ù¿÷9
 352   3              {
 353   4                 Mymusic=Mmusic19;
 354   4                 m=1;
 355   4              }
 356   3              if(Y1==0 & Y2==1 & Y3==0 & Y4==1)         //≤•∑≈“Ù¿÷10
 357   3              {
 358   4                 Mymusic=Mmusic110;
 359   4                 m=1;
 360   4              }
 361   3              if(Y1==1 & Y2==1 & Y3==0 & Y4==1)         //≤•∑≈“Ù¿÷11
 362   3              {
 363   4                 Mymusic=Mmusic111;
 364   4                 m=1;
C51 COMPILER V8.08   MAIN                                                                  06/10/2008 21:06:16 PAGE 7   

 365   4              }
 366   3              if(Y1==0 & Y2==0 & Y3==1 & Y4==1)        //≤•∑≈“Ù¿÷12
 367   3              {
 368   4                 Mymusic=Mmusic112;
 369   4                 m=1;
 370   4              }
 371   3              }
 372   2              for(i=0;i<5;i++)
 373   2              {
 374   3                delay();                                                              //—” ±
 375   3              }
 376   2          p11=P1;
 377   2              p33=P3;
 378   2          while(*(Mymusic+j)!=0xFF)
 379   2          { 
 380   3                 k=*(Mymusic+j)&0x0F;
 381   3                 l=*(Mymusic+j)>>4;
 382   3             if((p11!=P1)||((p33&0x0f)!=(P3&0x0f)))
 383   3                    {
 384   4                          goto Next;
 385   4                }
 386   3                 TH0=music[2*l];
 387   3             TL0=music[2*l+1];
 388   3                 TR0=1;
 389   3                 if ((music[2*l]==0xff)&&(music[2*l+1]==0xff)) 
 390   3                 {
 391   4                             TR0=0;
 392   4                              }
 393   3             for(i=k;i>0;--i)
 394   3                     {
 395   4                             delay();
 396   4                     } 
 397   3                 TR0=0;
 398   3             j++;
 399   3          }
 400   2      Next: ;
 401   2              }
 402   1      }
 403          
 404          /*µ•∏ˆ“Ù∑˚µƒ∑¢…˘*/
 405          void timer0() interrupt 1 using 1 
 406          { 
 407   1           TH0=music[2*l];
 408   1           TL0=music[2*l+1];
 409   1           Speaker = !Speaker; 
 410   1      }
 411          
 412          /*ª„±‡”Ôæ‰Ω¯––æ´»∑—” ±£¨—” ±1/4≈ƒ ±º‰º¥187ms*/
 413          void delay(void)
 414          {
 415   1           int i=10000;
 416   1               while(i--)     ;
 417   1      }
 418                                  


MODULE INFORMATION:   STATIC OVERLAYABLE
   CODE SIZE        =    896    ----
   CONSTANT SIZE    =   1365    ----
   XDATA SIZE       =   ----    ----
   PDATA SIZE       =   ----    ----
   DATA SIZE        =      4       6
C51 COMPILER V8.08   MAIN                                                                  06/10/2008 21:06:16 PAGE 8   

   IDATA SIZE       =   ----    ----
   BIT SIZE         =   ----    ----
END OF MODULE INFORMATION.


C51 COMPILATION COMPLETE.  0 WARNING(S),  0 ERROR(S)
